                        ; --------------------------------------
                        ; zasm: assemble "first.asm"
                        ; date: 2018-07-07 11:37:14
                        ; --------------------------------------


                        ; ================================================================
                        ;   Example source with target 'bin'
                        ;   Copyright  (c)  Günter Woigk 1994 - 2017
                        ;                   mailto:kio@little-bat.de
                        ; ================================================================
                        
                        
                        ; same as 'rom', except that the default fill byte for 'defs' et. al. is 0x00
                        ; this example assumes that the code is loaded at address 0x8000 and that
                        ; variables are stored at 0x5B00 upward, which may be used for the ZX Spectrum
                        
                        
                        #target bin
                        
                        
5B00:                   data_start  equ 0x5B00
0000:                   code_start  equ 0x0000
                        
                        
5B00:                   #data   VARIABLES, data_start, 0x100
                        
                        ; define some variables here
                        
                        
                        
0000:                   #code   CODE, code_start
                        
                        ; define some code here
                        
0000: 00       [ 4]     	nop
0001: 210700   [14]     	ld hl,janne
0004: 7E       [21]     	ld a,(hl)
0005: 18FE     [33]     	jr  $
                        
0007: 7F                janne:	.db	$7f
0008: 30                output: .db	$30


; +++ segments +++

#CODE CODE:      start=0     len=9    
#DATA VARIABLES: start=23296 len=256  

; +++ global symbols +++

CODE       = $0000 =      0  CODE      first.asm:25 (unused)
VARIABLES  = $5B00 =  23296  VARIABLES first.asm:19 (unused)
code_start = $0000 =      0            first.asm:17
data_start = $5B00 =  23296            first.asm:16
janne      = $0007 =      7  CODE      first.asm:35
output     = $0008 =      8  CODE      first.asm:36 (unused)


total time: 0.0029 sec.
no errors
