                        ; --------------------------------------
                        ; zasm: assemble "first.asm"
                        ; date: 2018-07-18 20:15:24
                        ; --------------------------------------


                        ; ================================================================
                        ;   Example source with target 'bin'
                        ;   Copyright  (c)  Günter Woigk 1994 - 2017
                        ;                   mailto:kio@little-bat.de
                        ; ================================================================
                        
                        
                        ; same as 'rom', except that the default fill byte for 'defs' et. al. is 0x00
                        ; this example assumes that the code is loaded at address 0x8000 and that
                        ; variables are stored at 0x5B00 upward, which may be used for the ZX Spectrum
                        
                        
                        #target bin
                        
                        
5B00:                   data_start  equ 0x5B00
0000:                   code_start  equ 0x0000
                        
                        
5B00:                   #data   VARIABLES, data_start, 0x100
                        
                        ; define some variables here
                        
                        
                        
0000:                   #code   CODE, code_start
                        
                        ; define some code here
                        ;	jp $e0e0
                        
                        	; Write to ROM
0000: 210002   [10]     	ld hl,$0200
0003: 77       [17]     	ld (hl),a
                        
                        	; Write to RAM
0004: 210080   [27]     	ld hl,$8000
0007: 77       [34]     	ld (hl),a
                        
                        	; Write to ROM
0008: 210002   [44]     	ld hl,$0200
000B: 77       [51]     	ld (hl),a
                        
                        	; Write to RAM
000C: 210080   [61]     	ld hl,$8000
000F: 77       [68]     	ld (hl),a
                        
                        	; Write to ROM
0010: 210002   [78]     	ld hl,$0200
0013: 77       [85]     	ld (hl),a
                        
                        	; Write to RAM
0014: 210080   [95]     	ld hl,$8000
0017: 77       [102]    	ld (hl),a
                        
                        	; Write to ROM
0018: 210002   [112]    	ld hl,$0200
001B: 77       [119]    	ld (hl),a
                        
                        	; Write to RAM
001C: 210080   [129]    	ld hl,$8000
001F: 77       [136]    	ld (hl),a
                        
                        	; Write to ROM
0020: 210002   [146]    	ld hl,$0200
0023: 77       [153]    	ld (hl),a
                        
                        	; Write to RAM
0024: 210080   [163]    	ld hl,$8000
0027: 77       [170]    	ld (hl),a
                        
                        	;ld hl,$0200
                        	;ld (hl),a
                        
                        	;nop
                        	;ld hl,janne
                        	;ld a,(hl)
                        
                        	;ld hl,$4000
                        	;ld (hl),a
                        	;ld hl,$2000
                        	;ld (hl),a
                        	;ld hl,$1000
                        	;ld (hl),a
                        	;ld hl,$0800
                        	;ld (hl),a
                        	;ld hl,$0400
                        	;ld (hl),a
                        	;ld hl,$0200
                        	;ld (hl),a
                        
                        	; Write to RAM
                        	;ld hl,$8000
                        	;ld (hl),a
                        
                        
                        	;ld hl,$8000
                        	;ld (hl),a
                        	;ld hl,$8000
                        	;ld (hl),a
                        	;ld hl,$8000
                        	;ld (hl),a
                        	;ld hl,$8000
                        	;ld (hl),a
                        
                        
                        	;ld hl,$0100
                        	;ld (hl),a
                        	;ld hl,$0080
                        	;ld (hl),a
                        	;ld hl,$0040
                        	;ld (hl),a
                        	;ld hl,$0020
                        	;ld (hl),a
                        	;ld hl,$0010
                        	;ld (hl),a
                        	;ld hl,$0008
                        	;ld (hl),a
                        	;ld hl,$0004
                        	;ld (hl),a
                        	;ld hl,$0002
                        	;ld (hl),a
                        	;ld hl,$0001
                        	;ld (hl),a
                        	;ld a,(hl)
                        	;inc hl
                        	;ld (hl),a
                        
0028: 18FE     [182]    	jr  $
                        
002A: 7F                janne:	.db	$7f
002B: 30                output: .db	$30
                        
002C: 00                ramtest: .db 0


; +++ segments +++

#CODE CODE:      start=0     len=45   
#DATA VARIABLES: start=23296 len=256  

; +++ global symbols +++

CODE       = $0000 =      0  CODE      first.asm:25 (unused)
VARIABLES  = $5B00 =  23296  VARIABLES first.asm:19 (unused)
code_start = $0000 =      0            first.asm:17
data_start = $5B00 =  23296            first.asm:16
janne      = $002A =     42  CODE      first.asm:130 (unused)
output     = $002B =     43  CODE      first.asm:131 (unused)
ramtest    = $002C =     44  CODE      first.asm:133 (unused)


total time: 0.0026 sec.
no errors
