                        ; --------------------------------------
                        ; zasm: assemble "first.asm"
                        ; date: 2018-07-05 11:16:23
                        ; --------------------------------------


                        ; ================================================================
                        ;   Example source with target 'bin'
                        ;   Copyright  (c)  Günter Woigk 1994 - 2017
                        ;                   mailto:kio@little-bat.de
                        ; ================================================================
                        
                        
                        ; same as 'rom', except that the default fill byte for 'defs' et. al. is 0x00
                        ; this example assumes that the code is loaded at address 0x8000 and that
                        ; variables are stored at 0x5B00 upward, which may be used for the ZX Spectrum
                        
                        
                        #target bin
                        
                        
5B00:                   data_start  equ 0x5B00
0000:                   code_start  equ 0x0000
                        
                        
5B00:                   #data   VARIABLES, data_start, 0x100
                        
                        ; define some variables here
                        
                        
                        
0000:                   #code   CODE, code_start
                        
                        ; define some code here
                        
0000: 00       [ 4]     	nop
0001: 18FE     [16]     	jr  $


; +++ segments +++

#CODE CODE:      start=0     len=3    
#DATA VARIABLES: start=23296 len=256  

; +++ global symbols +++

CODE       = $0000 =      0  CODE      first.asm:25 (unused)
VARIABLES  = $5B00 =  23296  VARIABLES first.asm:19 (unused)
code_start = $0000 =      0            first.asm:17
data_start = $5B00 =  23296            first.asm:16


total time: 0.0030 sec.
no errors
